// Jest Snapshot v1, https://goo.gl/fbAQLP

exports[`<RegistrationForm /> should render correctly 1`] = `ReactWrapper {}`;
